---
source: tests/inbound_email_tests.rs
assertion_line: 25
expression: serialized

---
{
  "FromName": "Postmarkapp Support",
  "MessageStream": "inbound",
  "FromFull": {
    "Email": "support@postmarkapp.com",
    "Name": "Postmarkapp Support",
    "MailboxHash": ""
  },
  "ToFull": [
    {
      "Email": "yourhash+SampleHash@inbound.postmarkapp.com",
      "Name": "Firstname Lastname",
      "MailboxHash": "SampleHash"
    }
  ],
  "CcFull": [
    {
      "Email": "firstcc@postmarkapp.com",
      "Name": "First Cc",
      "MailboxHash": ""
    },
    {
      "Email": "secondCc@postmarkapp.com",
      "Name": "",
      "MailboxHash": ""
    }
  ],
  "BccFull": [
    {
      "Email": "firstbcc@postmarkapp.com",
      "Name": "First Bcc",
      "MailboxHash": ""
    },
    {
      "Email": "secondbcc@postmarkapp.com",
      "Name": "",
      "MailboxHash": ""
    }
  ],
  "OriginalRecipient": "yourhash+SampleHash@inbound.postmarkapp.com",
  "Subject": "Test subject",
  "MessageID": "73e6d360-66eb-11e1-8e72-a8904824019b",
  "ReplyTo": "replyto@postmarkapp.com",
  "MailboxHash": "SampleHash",
  "Date": "Fri, 1 Aug 2014 20:45:32 +00:00",
  "TextBody": "This is a test text body.",
  "HtmlBody": "<html><body><p>This is a test html body.</p></body></html>",
  "StrippedTextReply": "This is the reply text",
  "Tag": "TestTag",
  "Headers": [
    {
      "Name": "X-Header-Test",
      "Value": ""
    },
    {
      "Name": "X-Spam-Status",
      "Value": "No"
    },
    {
      "Name": "X-Spam-Score",
      "Value": "-0.1"
    },
    {
      "Name": "X-Spam-Tests",
      "Value": "DKIM_SIGNED,DKIM_VALID,DKIM_VALID_AU,SPF_PASS"
    }
  ],
  "Attachments": [
    {
      "Name": "test.txt",
      "Content": "VGhpcyBpcyBhdHRhY2htZW50IGNvbnRlbnRzLCBiYXNlLTY0IGVuY29kZWQu",
      "ContentType": "text/plain",
      "ContentLength": 45
    }
  ]
}
